Archive member included because of file (symbol)

d:/courses/embedded systems _ data/programs/eclipse-avrgcc/bin/../lib/gcc/avr/4.3.3/avr5\libgcc.a(_divmodhi4.o)
                              ./APP/app.o (__divmodhi4)
d:/courses/embedded systems _ data/programs/eclipse-avrgcc/bin/../lib/gcc/avr/4.3.3/avr5\libgcc.a(_udivmodsi4.o)
                              ./MCAL/uart.o (__udivmodsi4)
d:/courses/embedded systems _ data/programs/eclipse-avrgcc/bin/../lib/gcc/avr/4.3.3/avr5\libgcc.a(_exit.o)
                              d:/courses/embedded systems _ data/programs/eclipse-avrgcc/bin/../lib/gcc/avr/4.3.3/../../../../avr/lib/avr5/crtm32.o (exit)
d:/courses/embedded systems _ data/programs/eclipse-avrgcc/bin/../lib/gcc/avr/4.3.3/avr5\libgcc.a(_copy_data.o)
                              ./APP/app.o (__do_copy_data)
d:/courses/embedded systems _ data/programs/eclipse-avrgcc/bin/../lib/gcc/avr/4.3.3/avr5\libgcc.a(_clear_bss.o)
                              ./MCAL/interrupt.o (__do_clear_bss)
d:/courses/embedded systems _ data/programs/eclipse-avrgcc/bin/../lib/gcc/avr/4.3.3/avr5\libgcc.a(_fixunssfsi.o)
                              ./HAL/lcd.o (__fixunssfsi)
d:/courses/embedded systems _ data/programs/eclipse-avrgcc/bin/../lib/gcc/avr/4.3.3/avr5\libgcc.a(_addsub_sf.o)
                              d:/courses/embedded systems _ data/programs/eclipse-avrgcc/bin/../lib/gcc/avr/4.3.3/avr5\libgcc.a(_fixunssfsi.o) (__subsf3)
d:/courses/embedded systems _ data/programs/eclipse-avrgcc/bin/../lib/gcc/avr/4.3.3/avr5\libgcc.a(_mul_sf.o)
                              ./HAL/lcd.o (__mulsf3)
d:/courses/embedded systems _ data/programs/eclipse-avrgcc/bin/../lib/gcc/avr/4.3.3/avr5\libgcc.a(_gt_sf.o)
                              ./HAL/lcd.o (__gtsf2)
d:/courses/embedded systems _ data/programs/eclipse-avrgcc/bin/../lib/gcc/avr/4.3.3/avr5\libgcc.a(_ge_sf.o)
                              d:/courses/embedded systems _ data/programs/eclipse-avrgcc/bin/../lib/gcc/avr/4.3.3/avr5\libgcc.a(_fixunssfsi.o) (__gesf2)
d:/courses/embedded systems _ data/programs/eclipse-avrgcc/bin/../lib/gcc/avr/4.3.3/avr5\libgcc.a(_lt_sf.o)
                              ./HAL/lcd.o (__ltsf2)
d:/courses/embedded systems _ data/programs/eclipse-avrgcc/bin/../lib/gcc/avr/4.3.3/avr5\libgcc.a(_sf_to_si.o)
                              d:/courses/embedded systems _ data/programs/eclipse-avrgcc/bin/../lib/gcc/avr/4.3.3/avr5\libgcc.a(_fixunssfsi.o) (__fixsfsi)
d:/courses/embedded systems _ data/programs/eclipse-avrgcc/bin/../lib/gcc/avr/4.3.3/avr5\libgcc.a(_thenan_sf.o)
                              d:/courses/embedded systems _ data/programs/eclipse-avrgcc/bin/../lib/gcc/avr/4.3.3/avr5\libgcc.a(_addsub_sf.o) (__thenan_sf)
d:/courses/embedded systems _ data/programs/eclipse-avrgcc/bin/../lib/gcc/avr/4.3.3/avr5\libgcc.a(_udivmodhi4.o)
                              d:/courses/embedded systems _ data/programs/eclipse-avrgcc/bin/../lib/gcc/avr/4.3.3/avr5\libgcc.a(_divmodhi4.o) (__udivmodhi4)
d:/courses/embedded systems _ data/programs/eclipse-avrgcc/bin/../lib/gcc/avr/4.3.3/avr5\libgcc.a(_prologue.o)
                              d:/courses/embedded systems _ data/programs/eclipse-avrgcc/bin/../lib/gcc/avr/4.3.3/avr5\libgcc.a(_addsub_sf.o) (__prologue_saves__)
d:/courses/embedded systems _ data/programs/eclipse-avrgcc/bin/../lib/gcc/avr/4.3.3/avr5\libgcc.a(_epilogue.o)
                              d:/courses/embedded systems _ data/programs/eclipse-avrgcc/bin/../lib/gcc/avr/4.3.3/avr5\libgcc.a(_addsub_sf.o) (__epilogue_restores__)
d:/courses/embedded systems _ data/programs/eclipse-avrgcc/bin/../lib/gcc/avr/4.3.3/avr5\libgcc.a(_pack_sf.o)
                              d:/courses/embedded systems _ data/programs/eclipse-avrgcc/bin/../lib/gcc/avr/4.3.3/avr5\libgcc.a(_addsub_sf.o) (__pack_f)
d:/courses/embedded systems _ data/programs/eclipse-avrgcc/bin/../lib/gcc/avr/4.3.3/avr5\libgcc.a(_unpack_sf.o)
                              d:/courses/embedded systems _ data/programs/eclipse-avrgcc/bin/../lib/gcc/avr/4.3.3/avr5\libgcc.a(_addsub_sf.o) (__unpack_f)
d:/courses/embedded systems _ data/programs/eclipse-avrgcc/bin/../lib/gcc/avr/4.3.3/avr5\libgcc.a(_fpcmp_parts_sf.o)
                              d:/courses/embedded systems _ data/programs/eclipse-avrgcc/bin/../lib/gcc/avr/4.3.3/avr5\libgcc.a(_gt_sf.o) (__fpcmp_parts_f)
d:/courses/embedded systems _ data/programs/eclipse-avrgcc/bin/../lib/gcc/avr/4.3.3/../../../../avr/lib/avr5\libc.a(itoa.o)
                              ./HAL/lcd.o (itoa)
d:/courses/embedded systems _ data/programs/eclipse-avrgcc/bin/../lib/gcc/avr/4.3.3/../../../../avr/lib/avr5\libc.a(strrev.o)
                              d:/courses/embedded systems _ data/programs/eclipse-avrgcc/bin/../lib/gcc/avr/4.3.3/../../../../avr/lib/avr5\libc.a(itoa.o) (strrev)

Memory Configuration

Name             Origin             Length             Attributes
text             0x00000000         0x00020000         xr
data             0x00800060         0x0000ffa0         rw !x
eeprom           0x00810000         0x00010000         rw !x
fuse             0x00820000         0x00000400         rw !x
lock             0x00830000         0x00000400         rw !x
signature        0x00840000         0x00000400         rw !x
*default*        0x00000000         0xffffffff

Linker script and memory map

LOAD d:/courses/embedded systems _ data/programs/eclipse-avrgcc/bin/../lib/gcc/avr/4.3.3/../../../../avr/lib/avr5/crtm32.o
LOAD ./MCAL/gpio.o
LOAD ./MCAL/interrupt.o
LOAD ./MCAL/timer1.o
LOAD ./MCAL/uart.o
LOAD ./HAL/buzzer.o
LOAD ./HAL/grn_led.o
LOAD ./HAL/lcd.o
LOAD ./HAL/red_led.o
LOAD ./APP/app.o
LOAD ./main.o
LOAD d:/courses/embedded systems _ data/programs/eclipse-avrgcc/bin/../lib/gcc/avr/4.3.3/avr5\libgcc.a
LOAD d:/courses/embedded systems _ data/programs/eclipse-avrgcc/bin/../lib/gcc/avr/4.3.3/../../../../avr/lib/avr5\libc.a
LOAD d:/courses/embedded systems _ data/programs/eclipse-avrgcc/bin/../lib/gcc/avr/4.3.3/avr5\libgcc.a

.hash
 *(.hash)

.dynsym
 *(.dynsym)

.dynstr
 *(.dynstr)

.gnu.version
 *(.gnu.version)

.gnu.version_d
 *(.gnu.version_d)

.gnu.version_r
 *(.gnu.version_r)

.rel.init
 *(.rel.init)

.rela.init
 *(.rela.init)

.rel.text
 *(.rel.text)
 *(.rel.text.*)
 *(.rel.gnu.linkonce.t*)

.rela.text
 *(.rela.text)
 *(.rela.text.*)
 *(.rela.gnu.linkonce.t*)

.rel.fini
 *(.rel.fini)

.rela.fini
 *(.rela.fini)

.rel.rodata
 *(.rel.rodata)
 *(.rel.rodata.*)
 *(.rel.gnu.linkonce.r*)

.rela.rodata
 *(.rela.rodata)
 *(.rela.rodata.*)
 *(.rela.gnu.linkonce.r*)

.rel.data
 *(.rel.data)
 *(.rel.data.*)
 *(.rel.gnu.linkonce.d*)

.rela.data
 *(.rela.data)
 *(.rela.data.*)
 *(.rela.gnu.linkonce.d*)

.rel.ctors
 *(.rel.ctors)

.rela.ctors
 *(.rela.ctors)

.rel.dtors
 *(.rel.dtors)

.rela.dtors
 *(.rela.dtors)

.rel.got
 *(.rel.got)

.rela.got
 *(.rela.got)

.rel.bss
 *(.rel.bss)

.rela.bss
 *(.rela.bss)

.rel.plt
 *(.rel.plt)

.rela.plt
 *(.rela.plt)

.text           0x00000000     0x33ec
 *(.vectors)
 .vectors       0x00000000       0x54 d:/courses/embedded systems _ data/programs/eclipse-avrgcc/bin/../lib/gcc/avr/4.3.3/../../../../avr/lib/avr5/crtm32.o
                0x00000000                __vectors
                0x00000000                __vector_default
 *(.vectors)
 *(.progmem.gcc*)
 *(.progmem*)
                0x00000054                . = ALIGN (0x2)
                0x00000054                __trampolines_start = .
 *(.trampolines)
 .trampolines   0x00000054        0x0 linker stubs
 *(.trampolines*)
                0x00000054                __trampolines_end = .
 *(.jumptables)
 *(.jumptables*)
 *(.lowtext)
 *(.lowtext*)
                0x00000054                __ctors_start = .
 *(.ctors)
                0x00000054                __ctors_end = .
                0x00000054                __dtors_start = .
 *(.dtors)
                0x00000054                __dtors_end = .
 SORT(*)(.ctors)
 SORT(*)(.dtors)
 *(.init0)
 .init0         0x00000054        0x0 d:/courses/embedded systems _ data/programs/eclipse-avrgcc/bin/../lib/gcc/avr/4.3.3/../../../../avr/lib/avr5/crtm32.o
                0x00000054                __init
 *(.init0)
 *(.init1)
 *(.init1)
 *(.init2)
 .init2         0x00000054        0xc d:/courses/embedded systems _ data/programs/eclipse-avrgcc/bin/../lib/gcc/avr/4.3.3/../../../../avr/lib/avr5/crtm32.o
 *(.init2)
 *(.init3)
 *(.init3)
 *(.init4)
 .init4         0x00000060       0x16 d:/courses/embedded systems _ data/programs/eclipse-avrgcc/bin/../lib/gcc/avr/4.3.3/avr5\libgcc.a(_copy_data.o)
                0x00000060                __do_copy_data
 .init4         0x00000076       0x10 d:/courses/embedded systems _ data/programs/eclipse-avrgcc/bin/../lib/gcc/avr/4.3.3/avr5\libgcc.a(_clear_bss.o)
                0x00000076                __do_clear_bss
 *(.init4)
 *(.init5)
 *(.init5)
 *(.init6)
 *(.init6)
 *(.init7)
 *(.init7)
 *(.init8)
 *(.init8)
 *(.init9)
 .init9         0x00000086        0x8 d:/courses/embedded systems _ data/programs/eclipse-avrgcc/bin/../lib/gcc/avr/4.3.3/../../../../avr/lib/avr5/crtm32.o
 *(.init9)
 *(.text)
 .text          0x0000008e        0x4 d:/courses/embedded systems _ data/programs/eclipse-avrgcc/bin/../lib/gcc/avr/4.3.3/../../../../avr/lib/avr5/crtm32.o
                0x0000008e                __vector_12
                0x0000008e                __bad_interrupt
                0x0000008e                __vector_6
                0x0000008e                __vector_11
                0x0000008e                __vector_13
                0x0000008e                __vector_17
                0x0000008e                __vector_19
                0x0000008e                __vector_5
                0x0000008e                __vector_4
                0x0000008e                __vector_15
                0x0000008e                __vector_8
                0x0000008e                __vector_14
                0x0000008e                __vector_10
                0x0000008e                __vector_16
                0x0000008e                __vector_18
                0x0000008e                __vector_20
 .text          0x00000092        0x0 ./MCAL/gpio.o
 .text          0x00000092        0x0 ./MCAL/interrupt.o
 .text          0x00000092        0x0 ./MCAL/timer1.o
 .text          0x00000092        0x0 ./MCAL/uart.o
 .text          0x00000092        0x0 ./HAL/buzzer.o
 .text          0x00000092        0x0 ./HAL/grn_led.o
 .text          0x00000092        0x0 ./HAL/lcd.o
 .text          0x00000092        0x0 ./HAL/red_led.o
 .text          0x00000092        0x0 ./APP/app.o
 .text          0x00000092        0x0 ./main.o
 .text          0x00000092        0x0 d:/courses/embedded systems _ data/programs/eclipse-avrgcc/bin/../lib/gcc/avr/4.3.3/avr5\libgcc.a(_divmodhi4.o)
 .text          0x00000092        0x0 d:/courses/embedded systems _ data/programs/eclipse-avrgcc/bin/../lib/gcc/avr/4.3.3/avr5\libgcc.a(_udivmodsi4.o)
 .text          0x00000092        0x0 d:/courses/embedded systems _ data/programs/eclipse-avrgcc/bin/../lib/gcc/avr/4.3.3/avr5\libgcc.a(_exit.o)
 .text          0x00000092        0x0 d:/courses/embedded systems _ data/programs/eclipse-avrgcc/bin/../lib/gcc/avr/4.3.3/avr5\libgcc.a(_copy_data.o)
 .text          0x00000092        0x0 d:/courses/embedded systems _ data/programs/eclipse-avrgcc/bin/../lib/gcc/avr/4.3.3/avr5\libgcc.a(_clear_bss.o)
 .text          0x00000092       0x58 d:/courses/embedded systems _ data/programs/eclipse-avrgcc/bin/../lib/gcc/avr/4.3.3/avr5\libgcc.a(_fixunssfsi.o)
                0x00000092                __fixunssfsi
 .text          0x000000ea      0x354 d:/courses/embedded systems _ data/programs/eclipse-avrgcc/bin/../lib/gcc/avr/4.3.3/avr5\libgcc.a(_addsub_sf.o)
                0x00000382                __subsf3
                0x000003e4                __addsf3
 .text          0x0000043e      0x1f4 d:/courses/embedded systems _ data/programs/eclipse-avrgcc/bin/../lib/gcc/avr/4.3.3/avr5\libgcc.a(_mul_sf.o)
                0x0000043e                __mulsf3
 .text          0x00000632       0x60 d:/courses/embedded systems _ data/programs/eclipse-avrgcc/bin/../lib/gcc/avr/4.3.3/avr5\libgcc.a(_gt_sf.o)
                0x00000632                __gtsf2
 .text          0x00000692       0x60 d:/courses/embedded systems _ data/programs/eclipse-avrgcc/bin/../lib/gcc/avr/4.3.3/avr5\libgcc.a(_ge_sf.o)
                0x00000692                __gesf2
 .text          0x000006f2       0x60 d:/courses/embedded systems _ data/programs/eclipse-avrgcc/bin/../lib/gcc/avr/4.3.3/avr5\libgcc.a(_lt_sf.o)
                0x000006f2                __ltsf2
 .text          0x00000752       0xa8 d:/courses/embedded systems _ data/programs/eclipse-avrgcc/bin/../lib/gcc/avr/4.3.3/avr5\libgcc.a(_sf_to_si.o)
                0x00000752                __fixsfsi
 .text          0x000007fa        0x0 d:/courses/embedded systems _ data/programs/eclipse-avrgcc/bin/../lib/gcc/avr/4.3.3/avr5\libgcc.a(_thenan_sf.o)
 .text          0x000007fa        0x0 d:/courses/embedded systems _ data/programs/eclipse-avrgcc/bin/../lib/gcc/avr/4.3.3/avr5\libgcc.a(_udivmodhi4.o)
 .text          0x000007fa        0x0 d:/courses/embedded systems _ data/programs/eclipse-avrgcc/bin/../lib/gcc/avr/4.3.3/avr5\libgcc.a(_prologue.o)
 .text          0x000007fa        0x0 d:/courses/embedded systems _ data/programs/eclipse-avrgcc/bin/../lib/gcc/avr/4.3.3/avr5\libgcc.a(_epilogue.o)
 .text          0x000007fa      0x1aa d:/courses/embedded systems _ data/programs/eclipse-avrgcc/bin/../lib/gcc/avr/4.3.3/avr5\libgcc.a(_pack_sf.o)
                0x000007fa                __pack_f
 .text          0x000009a4       0xf0 d:/courses/embedded systems _ data/programs/eclipse-avrgcc/bin/../lib/gcc/avr/4.3.3/avr5\libgcc.a(_unpack_sf.o)
                0x000009a4                __unpack_f
 .text          0x00000a94       0xb2 d:/courses/embedded systems _ data/programs/eclipse-avrgcc/bin/../lib/gcc/avr/4.3.3/avr5\libgcc.a(_fpcmp_parts_sf.o)
                0x00000a94                __fpcmp_parts_f
 .text          0x00000b46        0x0 d:/courses/embedded systems _ data/programs/eclipse-avrgcc/bin/../lib/gcc/avr/4.3.3/../../../../avr/lib/avr5\libc.a(itoa.o)
 .text          0x00000b46        0x0 d:/courses/embedded systems _ data/programs/eclipse-avrgcc/bin/../lib/gcc/avr/4.3.3/../../../../avr/lib/avr5\libc.a(strrev.o)
                0x00000b46                . = ALIGN (0x2)
 *(.text.*)
 .text.GPIO_setupPinDirection
                0x00000b46      0x1d6 ./MCAL/gpio.o
                0x00000b46                GPIO_setupPinDirection
 .text.GPIO_writePin
                0x00000d1c      0x1d6 ./MCAL/gpio.o
                0x00000d1c                GPIO_writePin
 .text.GPIO_readPin
                0x00000ef2      0x136 ./MCAL/gpio.o
                0x00000ef2                GPIO_readPin
 .text.GPIO_setupPortDirection
                0x00001028       0x88 ./MCAL/gpio.o
                0x00001028                GPIO_setupPortDirection
 .text.GPIO_writePort
                0x000010b0       0x88 ./MCAL/gpio.o
                0x000010b0                GPIO_writePort
 .text.GPIO_readPort
                0x00001138       0x8a ./MCAL/gpio.o
                0x00001138                GPIO_readPort
 .text.INT_init
                0x000011c2       0xc2 ./MCAL/interrupt.o
                0x000011c2                INT_init
 .text.INT_deInit
                0x00001284       0x30 ./MCAL/interrupt.o
                0x00001284                INT_deInit
 .text.INT_changeConfig
                0x000012b4       0xa0 ./MCAL/interrupt.o
                0x000012b4                INT_changeConfig
 .text.INT_setISR
                0x00001354       0x3c ./MCAL/interrupt.o
                0x00001354                INT_setISR
 .text.__vector_1
                0x00001390       0x66 ./MCAL/interrupt.o
                0x00001390                __vector_1
 .text.__vector_2
                0x000013f6       0x66 ./MCAL/interrupt.o
                0x000013f6                __vector_2
 .text.__vector_3
                0x0000145c       0x66 ./MCAL/interrupt.o
                0x0000145c                __vector_3
 .text.__vector_9
                0x000014c2       0x66 ./MCAL/timer1.o
                0x000014c2                __vector_9
 .text.__vector_7
                0x00001528       0x66 ./MCAL/timer1.o
                0x00001528                __vector_7
 .text.TIMER1_init
                0x0000158e       0x90 ./MCAL/timer1.o
                0x0000158e                TIMER1_init
 .text.TIMER1_deInit
                0x0000161e       0x4a ./MCAL/timer1.o
                0x0000161e                TIMER1_deInit
 .text.TIMER1_getTCRT
                0x00001668       0x16 ./MCAL/timer1.o
                0x00001668                TIMER1_getTCRT
 .text.TIMER1_setCallBack
                0x0000167e       0x24 ./MCAL/timer1.o
                0x0000167e                TIMER1_setCallBack
 .text.UART_init
                0x000016a2       0xb0 ./MCAL/uart.o
                0x000016a2                UART_init
 .text.UART_sendByte
                0x00001752       0x36 ./MCAL/uart.o
                0x00001752                UART_sendByte
 .text.UART_receiveByte
                0x00001788       0x2e ./MCAL/uart.o
                0x00001788                UART_receiveByte
 .text.UART_receiveString
                0x000017b6       0x68 ./MCAL/uart.o
                0x000017b6                UART_receiveString
 .text.UART_sendString
                0x0000181e       0x58 ./MCAL/uart.o
                0x0000181e                UART_sendString
 .text.Buzzer_init
                0x00001876       0x22 ./HAL/buzzer.o
                0x00001876                Buzzer_init
 .text.Buzzer_on
                0x00001898       0x18 ./HAL/buzzer.o
                0x00001898                Buzzer_on
 .text.Buzzer_off
                0x000018b0       0x18 ./HAL/buzzer.o
                0x000018b0                Buzzer_off
 .text.GRN_LED_init
                0x000018c8       0x22 ./HAL/grn_led.o
                0x000018c8                GRN_LED_init
 .text.GRN_LED_on
                0x000018ea       0x18 ./HAL/grn_led.o
                0x000018ea                GRN_LED_on
 .text.GRN_LED_off
                0x00001902       0x18 ./HAL/grn_led.o
                0x00001902                GRN_LED_off
 .text.LCD_init
                0x0000191a      0x164 ./HAL/lcd.o
                0x0000191a                LCD_init
 .text.LCD_sendCommand
                0x00001a7e      0x8a4 ./HAL/lcd.o
                0x00001a7e                LCD_sendCommand
 .text.LCD_displayCharacter
                0x00002322      0x8a4 ./HAL/lcd.o
                0x00002322                LCD_displayCharacter
 .text.LCD_displayString
                0x00002bc6       0x52 ./HAL/lcd.o
                0x00002bc6                LCD_displayString
 .text.LCD_moveCursor
                0x00002c18       0x84 ./HAL/lcd.o
                0x00002c18                LCD_moveCursor
 .text.LCD_displayStringRowColumn
                0x00002c9c       0x32 ./HAL/lcd.o
                0x00002c9c                LCD_displayStringRowColumn
 .text.LCD_intgerToString
                0x00002cce       0x46 ./HAL/lcd.o
                0x00002cce                LCD_intgerToString
 .text.LCD_clearScreen
                0x00002d14       0x14 ./HAL/lcd.o
                0x00002d14                LCD_clearScreen
 .text.RED_LED_init
                0x00002d28       0x22 ./HAL/red_led.o
                0x00002d28                RED_LED_init
 .text.RED_LED_on
                0x00002d4a       0x18 ./HAL/red_led.o
                0x00002d4a                RED_LED_on
 .text.RED_LED_off
                0x00002d62       0x18 ./HAL/red_led.o
                0x00002d62                RED_LED_off
 .text.configurations
                0x00002d7a       0xf2 ./APP/app.o
                0x00002d7a                configurations
 .text.set_ISR_functions
                0x00002e6c       0x22 ./APP/app.o
                0x00002e6c                set_ISR_functions
 .text.tostring
                0x00002e8e       0xda ./APP/app.o
                0x00002e8e                tostring
 .text.TCRT1    0x00002f68       0x6e ./APP/app.o
                0x00002f68                TCRT1
 .text.TCRT2    0x00002fd6      0x25e ./APP/app.o
                0x00002fd6                TCRT2
 .text.send_to_terminal
                0x00003234       0x44 ./APP/app.o
                0x00003234                send_to_terminal
 .text.main     0x00003278        0xe ./main.o
                0x00003278                main
 .text.libgcc   0x00003286       0x26 d:/courses/embedded systems _ data/programs/eclipse-avrgcc/bin/../lib/gcc/avr/4.3.3/avr5\libgcc.a(_divmodhi4.o)
                0x00003286                __divmodhi4
                0x00003286                _div
 .text.libgcc   0x000032ac       0x44 d:/courses/embedded systems _ data/programs/eclipse-avrgcc/bin/../lib/gcc/avr/4.3.3/avr5\libgcc.a(_udivmodsi4.o)
                0x000032ac                __udivmodsi4
 .text.libgcc   0x000032f0        0x0 d:/courses/embedded systems _ data/programs/eclipse-avrgcc/bin/../lib/gcc/avr/4.3.3/avr5\libgcc.a(_exit.o)
 .text.libgcc   0x000032f0        0x0 d:/courses/embedded systems _ data/programs/eclipse-avrgcc/bin/../lib/gcc/avr/4.3.3/avr5\libgcc.a(_copy_data.o)
 .text.libgcc   0x000032f0        0x0 d:/courses/embedded systems _ data/programs/eclipse-avrgcc/bin/../lib/gcc/avr/4.3.3/avr5\libgcc.a(_clear_bss.o)
 .text.libgcc   0x000032f0       0x28 d:/courses/embedded systems _ data/programs/eclipse-avrgcc/bin/../lib/gcc/avr/4.3.3/avr5\libgcc.a(_udivmodhi4.o)
                0x000032f0                __udivmodhi4
 .text.libgcc   0x00003318       0x38 d:/courses/embedded systems _ data/programs/eclipse-avrgcc/bin/../lib/gcc/avr/4.3.3/avr5\libgcc.a(_prologue.o)
                0x00003318                __prologue_saves__
 .text.libgcc   0x00003350       0x36 d:/courses/embedded systems _ data/programs/eclipse-avrgcc/bin/../lib/gcc/avr/4.3.3/avr5\libgcc.a(_epilogue.o)
                0x00003350                __epilogue_restores__
 .text.avr-libc
                0x00003386       0x42 d:/courses/embedded systems _ data/programs/eclipse-avrgcc/bin/../lib/gcc/avr/4.3.3/../../../../avr/lib/avr5\libc.a(itoa.o)
                0x00003386                itoa
 .text.avr-libc
                0x000033c8       0x20 d:/courses/embedded systems _ data/programs/eclipse-avrgcc/bin/../lib/gcc/avr/4.3.3/../../../../avr/lib/avr5\libc.a(strrev.o)
                0x000033c8                strrev
                0x000033e8                . = ALIGN (0x2)
 *(.fini9)
 .fini9         0x000033e8        0x0 d:/courses/embedded systems _ data/programs/eclipse-avrgcc/bin/../lib/gcc/avr/4.3.3/avr5\libgcc.a(_exit.o)
                0x000033e8                exit
                0x000033e8                _exit
 *(.fini9)
 *(.fini8)
 *(.fini8)
 *(.fini7)
 *(.fini7)
 *(.fini6)
 *(.fini6)
 *(.fini5)
 *(.fini5)
 *(.fini4)
 *(.fini4)
 *(.fini3)
 *(.fini3)
 *(.fini2)
 *(.fini2)
 *(.fini1)
 *(.fini1)
 *(.fini0)
 .fini0         0x000033e8        0x4 d:/courses/embedded systems _ data/programs/eclipse-avrgcc/bin/../lib/gcc/avr/4.3.3/avr5\libgcc.a(_exit.o)
 *(.fini0)
                0x000033ec                _etext = .

.data           0x00800060       0x48 load address 0x000033ec
                0x00800060                PROVIDE (__data_start, .)
 *(.data)
 .data          0x00800060        0x0 d:/courses/embedded systems _ data/programs/eclipse-avrgcc/bin/../lib/gcc/avr/4.3.3/../../../../avr/lib/avr5/crtm32.o
 .data          0x00800060        0x0 ./MCAL/gpio.o
 .data          0x00800060        0x0 ./MCAL/interrupt.o
 .data          0x00800060        0x0 ./MCAL/timer1.o
 .data          0x00800060        0x0 ./MCAL/uart.o
 .data          0x00800060        0x0 ./HAL/buzzer.o
 .data          0x00800060        0x0 ./HAL/grn_led.o
 .data          0x00800060        0x0 ./HAL/lcd.o
 .data          0x00800060        0x0 ./HAL/red_led.o
 .data          0x00800060       0x2d ./APP/app.o
 .data          0x0080008d        0x0 ./main.o
 .data          0x0080008d        0x0 d:/courses/embedded systems _ data/programs/eclipse-avrgcc/bin/../lib/gcc/avr/4.3.3/avr5\libgcc.a(_divmodhi4.o)
 .data          0x0080008d        0x0 d:/courses/embedded systems _ data/programs/eclipse-avrgcc/bin/../lib/gcc/avr/4.3.3/avr5\libgcc.a(_udivmodsi4.o)
 .data          0x0080008d        0x0 d:/courses/embedded systems _ data/programs/eclipse-avrgcc/bin/../lib/gcc/avr/4.3.3/avr5\libgcc.a(_exit.o)
 .data          0x0080008d        0x0 d:/courses/embedded systems _ data/programs/eclipse-avrgcc/bin/../lib/gcc/avr/4.3.3/avr5\libgcc.a(_copy_data.o)
 .data          0x0080008d        0x0 d:/courses/embedded systems _ data/programs/eclipse-avrgcc/bin/../lib/gcc/avr/4.3.3/avr5\libgcc.a(_clear_bss.o)
 .data          0x0080008d        0x0 d:/courses/embedded systems _ data/programs/eclipse-avrgcc/bin/../lib/gcc/avr/4.3.3/avr5\libgcc.a(_fixunssfsi.o)
 .data          0x0080008d        0x0 d:/courses/embedded systems _ data/programs/eclipse-avrgcc/bin/../lib/gcc/avr/4.3.3/avr5\libgcc.a(_addsub_sf.o)
 .data          0x0080008d        0x0 d:/courses/embedded systems _ data/programs/eclipse-avrgcc/bin/../lib/gcc/avr/4.3.3/avr5\libgcc.a(_mul_sf.o)
 .data          0x0080008d        0x0 d:/courses/embedded systems _ data/programs/eclipse-avrgcc/bin/../lib/gcc/avr/4.3.3/avr5\libgcc.a(_gt_sf.o)
 .data          0x0080008d        0x0 d:/courses/embedded systems _ data/programs/eclipse-avrgcc/bin/../lib/gcc/avr/4.3.3/avr5\libgcc.a(_ge_sf.o)
 .data          0x0080008d        0x0 d:/courses/embedded systems _ data/programs/eclipse-avrgcc/bin/../lib/gcc/avr/4.3.3/avr5\libgcc.a(_lt_sf.o)
 .data          0x0080008d        0x0 d:/courses/embedded systems _ data/programs/eclipse-avrgcc/bin/../lib/gcc/avr/4.3.3/avr5\libgcc.a(_sf_to_si.o)
 .data          0x0080008d        0x8 d:/courses/embedded systems _ data/programs/eclipse-avrgcc/bin/../lib/gcc/avr/4.3.3/avr5\libgcc.a(_thenan_sf.o)
                0x0080008d                __thenan_sf
 .data          0x00800095        0x0 d:/courses/embedded systems _ data/programs/eclipse-avrgcc/bin/../lib/gcc/avr/4.3.3/avr5\libgcc.a(_udivmodhi4.o)
 .data          0x00800095        0x0 d:/courses/embedded systems _ data/programs/eclipse-avrgcc/bin/../lib/gcc/avr/4.3.3/avr5\libgcc.a(_prologue.o)
 .data          0x00800095        0x0 d:/courses/embedded systems _ data/programs/eclipse-avrgcc/bin/../lib/gcc/avr/4.3.3/avr5\libgcc.a(_epilogue.o)
 .data          0x00800095        0x0 d:/courses/embedded systems _ data/programs/eclipse-avrgcc/bin/../lib/gcc/avr/4.3.3/avr5\libgcc.a(_pack_sf.o)
 .data          0x00800095        0x0 d:/courses/embedded systems _ data/programs/eclipse-avrgcc/bin/../lib/gcc/avr/4.3.3/avr5\libgcc.a(_unpack_sf.o)
 .data          0x00800095        0x0 d:/courses/embedded systems _ data/programs/eclipse-avrgcc/bin/../lib/gcc/avr/4.3.3/avr5\libgcc.a(_fpcmp_parts_sf.o)
 .data          0x00800095        0x0 d:/courses/embedded systems _ data/programs/eclipse-avrgcc/bin/../lib/gcc/avr/4.3.3/../../../../avr/lib/avr5\libc.a(itoa.o)
 .data          0x00800095        0x0 d:/courses/embedded systems _ data/programs/eclipse-avrgcc/bin/../lib/gcc/avr/4.3.3/../../../../avr/lib/avr5\libc.a(strrev.o)
 *(.data*)
 *(.rodata)
 *(.rodata*)
 .rodata.C.1.1397
                0x00800095        0x7 ./APP/app.o
 .rodata.C.0.1396
                0x0080009c        0x6 ./APP/app.o
 .rodata.C.5.1429
                0x008000a2        0x6 ./APP/app.o
 *(.gnu.linkonce.d*)
                0x008000a8                . = ALIGN (0x2)
                0x008000a8                _edata = .
                0x008000a8                PROVIDE (__data_end, .)

.bss            0x008000a8        0x8
                0x008000a8                PROVIDE (__bss_start, .)
 *(.bss)
 .bss           0x008000a8        0x0 d:/courses/embedded systems _ data/programs/eclipse-avrgcc/bin/../lib/gcc/avr/4.3.3/../../../../avr/lib/avr5/crtm32.o
 .bss           0x008000a8        0x0 ./MCAL/gpio.o
 .bss           0x008000a8        0x0 ./MCAL/interrupt.o
 .bss           0x008000a8        0x0 ./MCAL/timer1.o
 .bss           0x008000a8        0x0 ./MCAL/uart.o
 .bss           0x008000a8        0x0 ./HAL/buzzer.o
 .bss           0x008000a8        0x0 ./HAL/grn_led.o
 .bss           0x008000a8        0x0 ./HAL/lcd.o
 .bss           0x008000a8        0x0 ./HAL/red_led.o
 .bss           0x008000a8        0x0 ./APP/app.o
 .bss           0x008000a8        0x0 ./main.o
 .bss           0x008000a8        0x0 d:/courses/embedded systems _ data/programs/eclipse-avrgcc/bin/../lib/gcc/avr/4.3.3/avr5\libgcc.a(_divmodhi4.o)
 .bss           0x008000a8        0x0 d:/courses/embedded systems _ data/programs/eclipse-avrgcc/bin/../lib/gcc/avr/4.3.3/avr5\libgcc.a(_udivmodsi4.o)
 .bss           0x008000a8        0x0 d:/courses/embedded systems _ data/programs/eclipse-avrgcc/bin/../lib/gcc/avr/4.3.3/avr5\libgcc.a(_exit.o)
 .bss           0x008000a8        0x0 d:/courses/embedded systems _ data/programs/eclipse-avrgcc/bin/../lib/gcc/avr/4.3.3/avr5\libgcc.a(_copy_data.o)
 .bss           0x008000a8        0x0 d:/courses/embedded systems _ data/programs/eclipse-avrgcc/bin/../lib/gcc/avr/4.3.3/avr5\libgcc.a(_clear_bss.o)
 .bss           0x008000a8        0x0 d:/courses/embedded systems _ data/programs/eclipse-avrgcc/bin/../lib/gcc/avr/4.3.3/avr5\libgcc.a(_fixunssfsi.o)
 .bss           0x008000a8        0x0 d:/courses/embedded systems _ data/programs/eclipse-avrgcc/bin/../lib/gcc/avr/4.3.3/avr5\libgcc.a(_addsub_sf.o)
 .bss           0x008000a8        0x0 d:/courses/embedded systems _ data/programs/eclipse-avrgcc/bin/../lib/gcc/avr/4.3.3/avr5\libgcc.a(_mul_sf.o)
 .bss           0x008000a8        0x0 d:/courses/embedded systems _ data/programs/eclipse-avrgcc/bin/../lib/gcc/avr/4.3.3/avr5\libgcc.a(_gt_sf.o)
 .bss           0x008000a8        0x0 d:/courses/embedded systems _ data/programs/eclipse-avrgcc/bin/../lib/gcc/avr/4.3.3/avr5\libgcc.a(_ge_sf.o)
 .bss           0x008000a8        0x0 d:/courses/embedded systems _ data/programs/eclipse-avrgcc/bin/../lib/gcc/avr/4.3.3/avr5\libgcc.a(_lt_sf.o)
 .bss           0x008000a8        0x0 d:/courses/embedded systems _ data/programs/eclipse-avrgcc/bin/../lib/gcc/avr/4.3.3/avr5\libgcc.a(_sf_to_si.o)
 .bss           0x008000a8        0x0 d:/courses/embedded systems _ data/programs/eclipse-avrgcc/bin/../lib/gcc/avr/4.3.3/avr5\libgcc.a(_thenan_sf.o)
 .bss           0x008000a8        0x0 d:/courses/embedded systems _ data/programs/eclipse-avrgcc/bin/../lib/gcc/avr/4.3.3/avr5\libgcc.a(_udivmodhi4.o)
 .bss           0x008000a8        0x0 d:/courses/embedded systems _ data/programs/eclipse-avrgcc/bin/../lib/gcc/avr/4.3.3/avr5\libgcc.a(_prologue.o)
 .bss           0x008000a8        0x0 d:/courses/embedded systems _ data/programs/eclipse-avrgcc/bin/../lib/gcc/avr/4.3.3/avr5\libgcc.a(_epilogue.o)
 .bss           0x008000a8        0x0 d:/courses/embedded systems _ data/programs/eclipse-avrgcc/bin/../lib/gcc/avr/4.3.3/avr5\libgcc.a(_pack_sf.o)
 .bss           0x008000a8        0x0 d:/courses/embedded systems _ data/programs/eclipse-avrgcc/bin/../lib/gcc/avr/4.3.3/avr5\libgcc.a(_unpack_sf.o)
 .bss           0x008000a8        0x0 d:/courses/embedded systems _ data/programs/eclipse-avrgcc/bin/../lib/gcc/avr/4.3.3/avr5\libgcc.a(_fpcmp_parts_sf.o)
 .bss           0x008000a8        0x0 d:/courses/embedded systems _ data/programs/eclipse-avrgcc/bin/../lib/gcc/avr/4.3.3/../../../../avr/lib/avr5\libc.a(itoa.o)
 .bss           0x008000a8        0x0 d:/courses/embedded systems _ data/programs/eclipse-avrgcc/bin/../lib/gcc/avr/4.3.3/../../../../avr/lib/avr5\libc.a(strrev.o)
 *(.bss*)
 .bss.g_callBackPtr
                0x008000a8        0x6 ./MCAL/interrupt.o
 .bss.g_callBackPtr
                0x008000ae        0x2 ./MCAL/timer1.o
 *(COMMON)
                0x008000b0                PROVIDE (__bss_end, .)
                0x000033ec                __data_load_start = LOADADDR (.data)
                0x00003434                __data_load_end = (__data_load_start + SIZEOF (.data))

.noinit         0x008000b0        0x0
                0x008000b0                PROVIDE (__noinit_start, .)
 *(.noinit*)
                0x008000b0                PROVIDE (__noinit_end, .)
                0x008000b0                _end = .
                0x008000b0                PROVIDE (__heap_start, .)

.eeprom         0x00810000        0x0
 *(.eeprom*)
                0x00810000                __eeprom_end = .

.fuse
 *(.fuse)
 *(.lfuse)
 *(.hfuse)
 *(.efuse)

.lock
 *(.lock*)

.signature
 *(.signature*)

.stab           0x00000000     0x3414
 *(.stab)
 .stab          0x00000000      0x870 ./MCAL/gpio.o
 .stab          0x00000870      0x3cc ./MCAL/interrupt.o
                                0x618 (size before relaxing)
 .stab          0x00000c3c      0x324 ./MCAL/timer1.o
                                0x570 (size before relaxing)
 .stab          0x00000f60      0x3e4 ./MCAL/uart.o
                                0x630 (size before relaxing)
 .stab          0x00001344      0x294 ./HAL/buzzer.o
                                0x450 (size before relaxing)
 .stab          0x000015d8      0x1c8 ./HAL/grn_led.o
                                0x450 (size before relaxing)
 .stab          0x000017a0     0x10bc ./HAL/lcd.o
                               0x1284 (size before relaxing)
 .stab          0x0000285c      0x1c8 ./HAL/red_led.o
                                0x450 (size before relaxing)
 .stab          0x00002a24      0x840 ./APP/app.o
                                0x9d8 (size before relaxing)
 .stab          0x00003264      0x1b0 ./main.o
                                0x1bc (size before relaxing)

.stabstr        0x00000000     0x1a4e
 *(.stabstr)
 .stabstr       0x00000000     0x1a4e ./MCAL/gpio.o

.stab.excl
 *(.stab.excl)

.stab.exclstr
 *(.stab.exclstr)

.stab.index
 *(.stab.index)

.stab.indexstr
 *(.stab.indexstr)

.comment
 *(.comment)

.debug
 *(.debug)

.line
 *(.line)

.debug_srcinfo
 *(.debug_srcinfo)

.debug_sfnames
 *(.debug_sfnames)

.debug_aranges  0x00000000      0x140
 *(.debug_aranges)
 .debug_aranges
                0x00000000       0x20 d:/courses/embedded systems _ data/programs/eclipse-avrgcc/bin/../lib/gcc/avr/4.3.3/avr5\libgcc.a(_fixunssfsi.o)
 .debug_aranges
                0x00000020       0x20 d:/courses/embedded systems _ data/programs/eclipse-avrgcc/bin/../lib/gcc/avr/4.3.3/avr5\libgcc.a(_addsub_sf.o)
 .debug_aranges
                0x00000040       0x20 d:/courses/embedded systems _ data/programs/eclipse-avrgcc/bin/../lib/gcc/avr/4.3.3/avr5\libgcc.a(_mul_sf.o)
 .debug_aranges
                0x00000060       0x20 d:/courses/embedded systems _ data/programs/eclipse-avrgcc/bin/../lib/gcc/avr/4.3.3/avr5\libgcc.a(_gt_sf.o)
 .debug_aranges
                0x00000080       0x20 d:/courses/embedded systems _ data/programs/eclipse-avrgcc/bin/../lib/gcc/avr/4.3.3/avr5\libgcc.a(_ge_sf.o)
 .debug_aranges
                0x000000a0       0x20 d:/courses/embedded systems _ data/programs/eclipse-avrgcc/bin/../lib/gcc/avr/4.3.3/avr5\libgcc.a(_lt_sf.o)
 .debug_aranges
                0x000000c0       0x20 d:/courses/embedded systems _ data/programs/eclipse-avrgcc/bin/../lib/gcc/avr/4.3.3/avr5\libgcc.a(_sf_to_si.o)
 .debug_aranges
                0x000000e0       0x20 d:/courses/embedded systems _ data/programs/eclipse-avrgcc/bin/../lib/gcc/avr/4.3.3/avr5\libgcc.a(_pack_sf.o)
 .debug_aranges
                0x00000100       0x20 d:/courses/embedded systems _ data/programs/eclipse-avrgcc/bin/../lib/gcc/avr/4.3.3/avr5\libgcc.a(_unpack_sf.o)
 .debug_aranges
                0x00000120       0x20 d:/courses/embedded systems _ data/programs/eclipse-avrgcc/bin/../lib/gcc/avr/4.3.3/avr5\libgcc.a(_fpcmp_parts_sf.o)

.debug_pubnames
                0x00000000      0x170
 *(.debug_pubnames)
 .debug_pubnames
                0x00000000       0x23 d:/courses/embedded systems _ data/programs/eclipse-avrgcc/bin/../lib/gcc/avr/4.3.3/avr5\libgcc.a(_fixunssfsi.o)
 .debug_pubnames
                0x00000023       0x2c d:/courses/embedded systems _ data/programs/eclipse-avrgcc/bin/../lib/gcc/avr/4.3.3/avr5\libgcc.a(_addsub_sf.o)
 .debug_pubnames
                0x0000004f       0x1f d:/courses/embedded systems _ data/programs/eclipse-avrgcc/bin/../lib/gcc/avr/4.3.3/avr5\libgcc.a(_mul_sf.o)
 .debug_pubnames
                0x0000006e       0x1e d:/courses/embedded systems _ data/programs/eclipse-avrgcc/bin/../lib/gcc/avr/4.3.3/avr5\libgcc.a(_gt_sf.o)
 .debug_pubnames
                0x0000008c       0x1e d:/courses/embedded systems _ data/programs/eclipse-avrgcc/bin/../lib/gcc/avr/4.3.3/avr5\libgcc.a(_ge_sf.o)
 .debug_pubnames
                0x000000aa       0x1e d:/courses/embedded systems _ data/programs/eclipse-avrgcc/bin/../lib/gcc/avr/4.3.3/avr5\libgcc.a(_lt_sf.o)
 .debug_pubnames
                0x000000c8       0x20 d:/courses/embedded systems _ data/programs/eclipse-avrgcc/bin/../lib/gcc/avr/4.3.3/avr5\libgcc.a(_sf_to_si.o)
 .debug_pubnames
                0x000000e8       0x22 d:/courses/embedded systems _ data/programs/eclipse-avrgcc/bin/../lib/gcc/avr/4.3.3/avr5\libgcc.a(_thenan_sf.o)
 .debug_pubnames
                0x0000010a       0x1f d:/courses/embedded systems _ data/programs/eclipse-avrgcc/bin/../lib/gcc/avr/4.3.3/avr5\libgcc.a(_pack_sf.o)
 .debug_pubnames
                0x00000129       0x21 d:/courses/embedded systems _ data/programs/eclipse-avrgcc/bin/../lib/gcc/avr/4.3.3/avr5\libgcc.a(_unpack_sf.o)
 .debug_pubnames
                0x0000014a       0x26 d:/courses/embedded systems _ data/programs/eclipse-avrgcc/bin/../lib/gcc/avr/4.3.3/avr5\libgcc.a(_fpcmp_parts_sf.o)

.debug_info     0x00000000     0x1c49
 *(.debug_info)
 .debug_info    0x00000000       0xb1 d:/courses/embedded systems _ data/programs/eclipse-avrgcc/bin/../lib/gcc/avr/4.3.3/avr5\libgcc.a(_fixunssfsi.o)
 .debug_info    0x000000b1      0x47a d:/courses/embedded systems _ data/programs/eclipse-avrgcc/bin/../lib/gcc/avr/4.3.3/avr5\libgcc.a(_addsub_sf.o)
 .debug_info    0x0000052b      0x485 d:/courses/embedded systems _ data/programs/eclipse-avrgcc/bin/../lib/gcc/avr/4.3.3/avr5\libgcc.a(_mul_sf.o)
 .debug_info    0x000009b0      0x27f d:/courses/embedded systems _ data/programs/eclipse-avrgcc/bin/../lib/gcc/avr/4.3.3/avr5\libgcc.a(_gt_sf.o)
 .debug_info    0x00000c2f      0x27f d:/courses/embedded systems _ data/programs/eclipse-avrgcc/bin/../lib/gcc/avr/4.3.3/avr5\libgcc.a(_ge_sf.o)
 .debug_info    0x00000eae      0x27f d:/courses/embedded systems _ data/programs/eclipse-avrgcc/bin/../lib/gcc/avr/4.3.3/avr5\libgcc.a(_lt_sf.o)
 .debug_info    0x0000112d      0x2b0 d:/courses/embedded systems _ data/programs/eclipse-avrgcc/bin/../lib/gcc/avr/4.3.3/avr5\libgcc.a(_sf_to_si.o)
 .debug_info    0x000013dd      0x12c d:/courses/embedded systems _ data/programs/eclipse-avrgcc/bin/../lib/gcc/avr/4.3.3/avr5\libgcc.a(_thenan_sf.o)
 .debug_info    0x00001509      0x2df d:/courses/embedded systems _ data/programs/eclipse-avrgcc/bin/../lib/gcc/avr/4.3.3/avr5\libgcc.a(_pack_sf.o)
 .debug_info    0x000017e8      0x251 d:/courses/embedded systems _ data/programs/eclipse-avrgcc/bin/../lib/gcc/avr/4.3.3/avr5\libgcc.a(_unpack_sf.o)
 .debug_info    0x00001a39      0x210 d:/courses/embedded systems _ data/programs/eclipse-avrgcc/bin/../lib/gcc/avr/4.3.3/avr5\libgcc.a(_fpcmp_parts_sf.o)
 *(.gnu.linkonce.wi.*)

.debug_abbrev   0x00000000      0xeeb
 *(.debug_abbrev)
 .debug_abbrev  0x00000000       0x5d d:/courses/embedded systems _ data/programs/eclipse-avrgcc/bin/../lib/gcc/avr/4.3.3/avr5\libgcc.a(_fixunssfsi.o)
 .debug_abbrev  0x0000005d      0x1ea d:/courses/embedded systems _ data/programs/eclipse-avrgcc/bin/../lib/gcc/avr/4.3.3/avr5\libgcc.a(_addsub_sf.o)
 .debug_abbrev  0x00000247      0x21b d:/courses/embedded systems _ data/programs/eclipse-avrgcc/bin/../lib/gcc/avr/4.3.3/avr5\libgcc.a(_mul_sf.o)
 .debug_abbrev  0x00000462      0x15a d:/courses/embedded systems _ data/programs/eclipse-avrgcc/bin/../lib/gcc/avr/4.3.3/avr5\libgcc.a(_gt_sf.o)
 .debug_abbrev  0x000005bc      0x15a d:/courses/embedded systems _ data/programs/eclipse-avrgcc/bin/../lib/gcc/avr/4.3.3/avr5\libgcc.a(_ge_sf.o)
 .debug_abbrev  0x00000716      0x15a d:/courses/embedded systems _ data/programs/eclipse-avrgcc/bin/../lib/gcc/avr/4.3.3/avr5\libgcc.a(_lt_sf.o)
 .debug_abbrev  0x00000870      0x17f d:/courses/embedded systems _ data/programs/eclipse-avrgcc/bin/../lib/gcc/avr/4.3.3/avr5\libgcc.a(_sf_to_si.o)
 .debug_abbrev  0x000009ef       0xad d:/courses/embedded systems _ data/programs/eclipse-avrgcc/bin/../lib/gcc/avr/4.3.3/avr5\libgcc.a(_thenan_sf.o)
 .debug_abbrev  0x00000a9c      0x1c0 d:/courses/embedded systems _ data/programs/eclipse-avrgcc/bin/../lib/gcc/avr/4.3.3/avr5\libgcc.a(_pack_sf.o)
 .debug_abbrev  0x00000c5c      0x154 d:/courses/embedded systems _ data/programs/eclipse-avrgcc/bin/../lib/gcc/avr/4.3.3/avr5\libgcc.a(_unpack_sf.o)
 .debug_abbrev  0x00000db0      0x13b d:/courses/embedded systems _ data/programs/eclipse-avrgcc/bin/../lib/gcc/avr/4.3.3/avr5\libgcc.a(_fpcmp_parts_sf.o)

.debug_line     0x00000000      0xdad
 *(.debug_line)
 .debug_line    0x00000000       0xa7 d:/courses/embedded systems _ data/programs/eclipse-avrgcc/bin/../lib/gcc/avr/4.3.3/avr5\libgcc.a(_fixunssfsi.o)
 .debug_line    0x000000a7      0x2af d:/courses/embedded systems _ data/programs/eclipse-avrgcc/bin/../lib/gcc/avr/4.3.3/avr5\libgcc.a(_addsub_sf.o)
 .debug_line    0x00000356      0x239 d:/courses/embedded systems _ data/programs/eclipse-avrgcc/bin/../lib/gcc/avr/4.3.3/avr5\libgcc.a(_mul_sf.o)
 .debug_line    0x0000058f       0xd3 d:/courses/embedded systems _ data/programs/eclipse-avrgcc/bin/../lib/gcc/avr/4.3.3/avr5\libgcc.a(_gt_sf.o)
 .debug_line    0x00000662       0xd3 d:/courses/embedded systems _ data/programs/eclipse-avrgcc/bin/../lib/gcc/avr/4.3.3/avr5\libgcc.a(_ge_sf.o)
 .debug_line    0x00000735       0xd3 d:/courses/embedded systems _ data/programs/eclipse-avrgcc/bin/../lib/gcc/avr/4.3.3/avr5\libgcc.a(_lt_sf.o)
 .debug_line    0x00000808      0x109 d:/courses/embedded systems _ data/programs/eclipse-avrgcc/bin/../lib/gcc/avr/4.3.3/avr5\libgcc.a(_sf_to_si.o)
 .debug_line    0x00000911       0x90 d:/courses/embedded systems _ data/programs/eclipse-avrgcc/bin/../lib/gcc/avr/4.3.3/avr5\libgcc.a(_thenan_sf.o)
 .debug_line    0x000009a1      0x18a d:/courses/embedded systems _ data/programs/eclipse-avrgcc/bin/../lib/gcc/avr/4.3.3/avr5\libgcc.a(_pack_sf.o)
 .debug_line    0x00000b2b      0x14b d:/courses/embedded systems _ data/programs/eclipse-avrgcc/bin/../lib/gcc/avr/4.3.3/avr5\libgcc.a(_unpack_sf.o)
 .debug_line    0x00000c76      0x137 d:/courses/embedded systems _ data/programs/eclipse-avrgcc/bin/../lib/gcc/avr/4.3.3/avr5\libgcc.a(_fpcmp_parts_sf.o)

.debug_frame    0x00000000      0x160
 *(.debug_frame)
 .debug_frame   0x00000000       0x20 d:/courses/embedded systems _ data/programs/eclipse-avrgcc/bin/../lib/gcc/avr/4.3.3/avr5\libgcc.a(_fixunssfsi.o)
 .debug_frame   0x00000020       0x40 d:/courses/embedded systems _ data/programs/eclipse-avrgcc/bin/../lib/gcc/avr/4.3.3/avr5\libgcc.a(_addsub_sf.o)
 .debug_frame   0x00000060       0x20 d:/courses/embedded systems _ data/programs/eclipse-avrgcc/bin/../lib/gcc/avr/4.3.3/avr5\libgcc.a(_mul_sf.o)
 .debug_frame   0x00000080       0x20 d:/courses/embedded systems _ data/programs/eclipse-avrgcc/bin/../lib/gcc/avr/4.3.3/avr5\libgcc.a(_gt_sf.o)
 .debug_frame   0x000000a0       0x20 d:/courses/embedded systems _ data/programs/eclipse-avrgcc/bin/../lib/gcc/avr/4.3.3/avr5\libgcc.a(_ge_sf.o)
 .debug_frame   0x000000c0       0x20 d:/courses/embedded systems _ data/programs/eclipse-avrgcc/bin/../lib/gcc/avr/4.3.3/avr5\libgcc.a(_lt_sf.o)
 .debug_frame   0x000000e0       0x20 d:/courses/embedded systems _ data/programs/eclipse-avrgcc/bin/../lib/gcc/avr/4.3.3/avr5\libgcc.a(_sf_to_si.o)
 .debug_frame   0x00000100       0x20 d:/courses/embedded systems _ data/programs/eclipse-avrgcc/bin/../lib/gcc/avr/4.3.3/avr5\libgcc.a(_pack_sf.o)
 .debug_frame   0x00000120       0x20 d:/courses/embedded systems _ data/programs/eclipse-avrgcc/bin/../lib/gcc/avr/4.3.3/avr5\libgcc.a(_unpack_sf.o)
 .debug_frame   0x00000140       0x20 d:/courses/embedded systems _ data/programs/eclipse-avrgcc/bin/../lib/gcc/avr/4.3.3/avr5\libgcc.a(_fpcmp_parts_sf.o)

.debug_str      0x00000000      0x28d
 *(.debug_str)
 .debug_str     0x00000000       0xbf d:/courses/embedded systems _ data/programs/eclipse-avrgcc/bin/../lib/gcc/avr/4.3.3/avr5\libgcc.a(_fixunssfsi.o)
                                 0xfe (size before relaxing)
 .debug_str     0x000000bf      0x14d d:/courses/embedded systems _ data/programs/eclipse-avrgcc/bin/../lib/gcc/avr/4.3.3/avr5\libgcc.a(_addsub_sf.o)
                                0x206 (size before relaxing)
 .debug_str     0x0000020c       0x27 d:/courses/embedded systems _ data/programs/eclipse-avrgcc/bin/../lib/gcc/avr/4.3.3/avr5\libgcc.a(_mul_sf.o)
                                0x1bf (size before relaxing)
 .debug_str     0x00000233        0xf d:/courses/embedded systems _ data/programs/eclipse-avrgcc/bin/../lib/gcc/avr/4.3.3/avr5\libgcc.a(_gt_sf.o)
                                0x195 (size before relaxing)
 .debug_str     0x00000242        0x8 d:/courses/embedded systems _ data/programs/eclipse-avrgcc/bin/../lib/gcc/avr/4.3.3/avr5\libgcc.a(_ge_sf.o)
                                0x195 (size before relaxing)
 .debug_str     0x0000024a        0x8 d:/courses/embedded systems _ data/programs/eclipse-avrgcc/bin/../lib/gcc/avr/4.3.3/avr5\libgcc.a(_lt_sf.o)
                                0x195 (size before relaxing)
 .debug_str     0x00000252        0xa d:/courses/embedded systems _ data/programs/eclipse-avrgcc/bin/../lib/gcc/avr/4.3.3/avr5\libgcc.a(_sf_to_si.o)
                                0x19e (size before relaxing)
 .debug_str     0x00000000      0x103 d:/courses/embedded systems _ data/programs/eclipse-avrgcc/bin/../lib/gcc/avr/4.3.3/avr5\libgcc.a(_thenan_sf.o)
 .debug_str     0x0000025c       0x16 d:/courses/embedded systems _ data/programs/eclipse-avrgcc/bin/../lib/gcc/avr/4.3.3/avr5\libgcc.a(_pack_sf.o)
                                0x19d (size before relaxing)
 .debug_str     0x00000272        0xb d:/courses/embedded systems _ data/programs/eclipse-avrgcc/bin/../lib/gcc/avr/4.3.3/avr5\libgcc.a(_unpack_sf.o)
                                0x17f (size before relaxing)
 .debug_str     0x0000027d       0x10 d:/courses/embedded systems _ data/programs/eclipse-avrgcc/bin/../lib/gcc/avr/4.3.3/avr5\libgcc.a(_fpcmp_parts_sf.o)
                                0x163 (size before relaxing)

.debug_loc      0x00000000      0x7ce
 *(.debug_loc)
 .debug_loc     0x00000000       0x34 d:/courses/embedded systems _ data/programs/eclipse-avrgcc/bin/../lib/gcc/avr/4.3.3/avr5\libgcc.a(_fixunssfsi.o)
 .debug_loc     0x00000034      0x32a d:/courses/embedded systems _ data/programs/eclipse-avrgcc/bin/../lib/gcc/avr/4.3.3/avr5\libgcc.a(_addsub_sf.o)
 .debug_loc     0x0000035e      0x104 d:/courses/embedded systems _ data/programs/eclipse-avrgcc/bin/../lib/gcc/avr/4.3.3/avr5\libgcc.a(_mul_sf.o)
 .debug_loc     0x00000462       0x3c d:/courses/embedded systems _ data/programs/eclipse-avrgcc/bin/../lib/gcc/avr/4.3.3/avr5\libgcc.a(_gt_sf.o)
 .debug_loc     0x0000049e       0x3c d:/courses/embedded systems _ data/programs/eclipse-avrgcc/bin/../lib/gcc/avr/4.3.3/avr5\libgcc.a(_ge_sf.o)
 .debug_loc     0x000004da       0x3c d:/courses/embedded systems _ data/programs/eclipse-avrgcc/bin/../lib/gcc/avr/4.3.3/avr5\libgcc.a(_lt_sf.o)
 .debug_loc     0x00000516       0x7e d:/courses/embedded systems _ data/programs/eclipse-avrgcc/bin/../lib/gcc/avr/4.3.3/avr5\libgcc.a(_sf_to_si.o)
 .debug_loc     0x00000594      0x13e d:/courses/embedded systems _ data/programs/eclipse-avrgcc/bin/../lib/gcc/avr/4.3.3/avr5\libgcc.a(_pack_sf.o)
 .debug_loc     0x000006d2       0xac d:/courses/embedded systems _ data/programs/eclipse-avrgcc/bin/../lib/gcc/avr/4.3.3/avr5\libgcc.a(_unpack_sf.o)
 .debug_loc     0x0000077e       0x50 d:/courses/embedded systems _ data/programs/eclipse-avrgcc/bin/../lib/gcc/avr/4.3.3/avr5\libgcc.a(_fpcmp_parts_sf.o)

.debug_macinfo
 *(.debug_macinfo)
OUTPUT(Linear_Speed_Sensor.elf elf32-avr)
LOAD linker stubs

.debug_ranges   0x00000000       0x50
 .debug_ranges  0x00000000       0x50 d:/courses/embedded systems _ data/programs/eclipse-avrgcc/bin/../lib/gcc/avr/4.3.3/avr5\libgcc.a(_mul_sf.o)
